// Jest Snapshot v1, https://goo.gl/fbAQLP

exports[`PropertyGrid renders snapshot 1`] = `
<div
  className="Component PropertyGrid Test"
  id="test"
>
  <div
    className="Value"
  >
    <label
      className="Caption"
      htmlFor="test-item-1"
    >
      state
    </label>
    <div
      className="ExpanderContent"
    >
      <input
        className="Editor"
        defaultChecked={false}
        id="test-item-1"
        onChange={[Function]}
        type="checkbox"
      />
    </div>
  </div>
  <div
    className="Value"
  >
    <label
      className="Caption"
      htmlFor="test-item-2"
    >
      text
    </label>
    <div
      className="ExpanderContent"
    >
      <input
        className="Editor"
        defaultValue="test"
        id="test-item-2"
        onChange={[Function]}
        type="text"
      />
    </div>
  </div>
  <div
    className="Value"
  >
    <label
      className="Caption"
      htmlFor="test-item-3"
    >
      count
    </label>
    <div
      className="ExpanderContent"
    >
      <input
        className="Editor"
        defaultValue="1"
        id="test-item-3"
        onChange={[Function]}
        type="number"
      />
    </div>
  </div>
  <div
    className="Object"
  >
    <input
      className="Expander"
      defaultChecked={true}
      id="test-item-4"
      onChange={[Function]}
      type="checkbox"
    />
    <label
      className="Caption"
      htmlFor="test-item-4"
    >
      child
    </label>
    <div
      className="ExpanderContent"
    >
      <div
        className="Value"
      >
        <label
          className="Caption"
          htmlFor="test-item-5"
        >
          value
        </label>
        <div
          className="ExpanderContent"
        >
          <input
            className="Editor"
            defaultChecked={false}
            id="test-item-5"
            onChange={[Function]}
            type="checkbox"
          />
        </div>
      </div>
    </div>
  </div>
</div>
`;
