// Jest Snapshot v1, https://goo.gl/fbAQLP

exports[`PropertyGrid renders snapshot 1`] = `
<div
  className="Component PropertyGrid Test"
  id="test"
>
  <div
    className="Value ExpanderContent"
  >
    <label
      className="ExpanderLabel"
      htmlFor="test-item-1"
    >
      state
    </label>
    <input
      className="Editor"
      defaultChecked={false}
      id="test-item-1"
      onChange={[Function]}
      type="checkbox"
    />
  </div>
  <div
    className="Value ExpanderContent"
  >
    <label
      className="ExpanderLabel"
      htmlFor="test-item-2"
    >
      text
    </label>
    <input
      className="Editor"
      defaultValue="test"
      id="test-item-2"
      onChange={[Function]}
      type="text"
    />
  </div>
  <div
    className="Value ExpanderContent"
  >
    <label
      className="ExpanderLabel"
      htmlFor="test-item-3"
    >
      count
    </label>
    <input
      className="Editor"
      defaultValue="1"
      id="test-item-3"
      onChange={[Function]}
      type="number"
    />
  </div>
  <div
    className="Object ExpanderContent"
  >
    <input
      className="Expander"
      defaultChecked={true}
      id="test-item-4"
      onChange={[Function]}
      type="checkbox"
    />
    <label
      className="ExpanderLabel"
      htmlFor="test-item-4"
    >
      child
    </label>
    <div
      className="Value ExpanderContent"
    >
      <label
        className="ExpanderLabel"
        htmlFor="test-item-5"
      >
        value
      </label>
      <input
        className="Editor"
        defaultChecked={false}
        id="test-item-5"
        onChange={[Function]}
        type="checkbox"
      />
    </div>
  </div>
</div>
`;
